******************************************************************************
               TMS320C6x Linker PC v7.4.4                      
******************************************************************************
>> Linked Mon Mar 04 13:27:25 2024

OUTPUT FILE NAME:   <abhinav.out>
ENTRY POINT SYMBOL: "_c_int00"  address: 00002180


MEMORY CONFIGURATION

         name            origin    length      used     unused   attr    fill
----------------------  --------  ---------  --------  --------  ----  --------
  IVECS                 00000000   00000220  00000200  00000020  RWIX
  IRAM                  00000220   0002fde0  000030b8  0002cd28  RWIX
  SDRAM                 80000000   01000000  00000000  01000000  RWIX
  FLASH                 90000000   00020000  00000000  00020000  RWIX


SECTION ALLOCATION MAP

 output                                  attributes/
section   page    origin      length       input sections
--------  ----  ----------  ----------   ----------------
.vectors   0    00000000    00000200     
                  00000000    00000200     Vectors_intr.obj (.vectors)

$BRID      0    00000000    00000110     COPY SECTION
                  00000000    0000000c     csl6416.lib : csl_emifa.obj ($BRID)
                  0000000c    0000000c                 : csl_emifb.obj ($BRID)
                  00000018    00000078                 : csl_irq.obj ($BRID)
                  00000090    00000080                 : csl_mcbsp.obj ($BRID)

.text      0    00000220    000021e0     
                  00000220    00000640     c6416dskinit.obj (.text)
                  00000860    00000440     main.obj (.text:retain)
                  00000ca0    000003a0     dsk6416bsl.lib : dsk6416.obj (.text)
                  00001040    00000240                    : dsk6416_aic23_opencodec.obj (.text)
                  00001280    000001e0     csl6416.lib : csl_irq.obj (.text:_IRQ_map)
                  00001460    000001e0     dsk6416bsl.lib : dsk6416_aic23_registers.obj (.text)
                  00001640    000001c0     csl6416.lib : csl_mcbsp.obj (.text:_MCBSP_reset)
                  00001800    000000e0                 : csl_mcbsp.obj (.text:_MCBSP_start)
                  000018e0    000000e0     rts6400.lib : autoinit.obj (.text:__auto_init)
                  000019c0    000000e0                 : memcpy64.obj (.text:_memcpy)
                  00001aa0    000000e0     dsk6416bsl.lib : dsk6416_aic23_setfreq.obj (.text)
                  00001b80    000000c0     csl6416.lib : csl_mcbsp.obj (.text:_MCBSP_config)
                  00001c40    000000c0                 : csl_mcbsp.obj (.text:_MCBSP_open)
                  00001d00    000000c0     rts6400.lib : strasg.obj (.text:__strasg)
                  00001dc0    000000c0                 : exit.obj (.text:_exit)
                  00001e80    000000a0     csl6416.lib : csl_emifa.obj (.text:_EMIFA_config)
                  00001f20    000000a0                 : csl_emifb.obj (.text:_EMIFB_config)
                  00001fc0    000000a0     rts6400.lib : cpy_tbl.obj (.text:_copy_in)
                  00002060    000000a0     csl6416.lib : csl_irq.obj (.text:_setMux)
                  00002100    00000080     rts6400.lib : cpp_init.obj (.text:___TI_cpp_init)
                  00002180    00000060                 : boot.obj (.text:_c_int00)
                  000021e0    00000040     csl6416.lib : csl_irq.obj (.text:_IRQ_reset)
                  00002220    00000040     rts6400.lib : args_main.obj (.text:__args_main)
                  00002260    00000020     Vectors_intr.obj (.text)
                  00002280    00000020     csl6416.lib : csl_irq.obj (.text:_IRQ_enable)
                  000022a0    00000020                 : csl_irq.obj (.text:_IRQ_globalDisable)
                  000022c0    00000020                 : csl_irq.obj (.text:_IRQ_globalEnable)
                  000022e0    00000020                 : csl_irq.obj (.text:_IRQ_nmiEnable)
                  00002300    00000020                 : csl_mcbsp.obj (.text:_MCBSP_getXmtEventId)
                  00002320    00000020                 : csl_mcbsp.obj (.text:_MCBSP_read)
                  00002340    00000020                 : csl_mcbsp.obj (.text:_MCBSP_rrdy)
                  00002360    00000020                 : csl_mcbsp.obj (.text:_MCBSP_write)
                  00002380    00000020                 : csl_mcbsp.obj (.text:_MCBSP_xrdy)
                  000023a0    00000020     rts6400.lib : exit.obj (.text:_abort)
                  000023c0    00000020     csl6416.lib : csl_irq.obj (.text)
                  000023e0    00000020     main.obj (.text)

.bss       0    00000220    00000000     UNINITIALIZED

.stack     0    00002400    00000800     UNINITIALIZED
                  00002400    00000008     rts6400.lib : boot.obj (.stack)
                  00002408    000007f8     --HOLE--

.cinit     0    00002c00    0000032c     
                  00002c00    0000012c     csl6416.lib : csl_irq.obj (.cinit)
                  00002d2c    00000004     --HOLE-- [fill = 0]
                  00002d30    0000007c                 : csl_mcbsp.obj (.cinit)
                  00002dac    00000004     --HOLE-- [fill = 0]
                  00002db0    0000007a     main.obj (.cinit)
                  00002e2a    00000006     --HOLE-- [fill = 0]
                  00002e30    00000070     c6416dskinit.obj (.cinit)
                  00002ea0    00000030     dsk6416bsl.lib : dsk6416_aic23_registers.obj (.cinit)
                  00002ed0    0000002c     rts6400.lib : exit.obj (.cinit)
                  00002efc    00000004     --HOLE-- [fill = 0]
                  00002f00    00000028     dsk6416bsl.lib : dsk6416_aic23_setfreq.obj (.cinit)
                  00002f28    00000004     --HOLE-- [fill = 0]

.far       0    00002f30    0000027c     UNINITIALIZED
                  00002f30    00000100     csl6416.lib : csl_irq.obj (.far)
                  00003030    00000070     c6416dskinit.obj (.far)
                  000030a0    00000054     csl6416.lib : csl_mcbsp.obj (.far)
                  000030f4    00000004     dsk6416bsl.lib : dsk6416.obj (.far)
                  000030f8    00000054     main.obj (.far)
                  0000314c    00000028     dsk6416bsl.lib : dsk6416_aic23_registers.obj (.far)
                  00003174    00000004     --HOLE--
                  00003178    00000020                    : dsk6416_aic23_setfreq.obj (.far)
                  00003198    0000000c     rts6400.lib : exit.obj (.far)
                  000031a4    00000008     dsk6416bsl.lib : dsk6416_aic23_opencodec.obj (.far)

.const     0    000031ac    00000130     
                  000031ac    000000c0     dsk6416bsl.lib : dsk6416.obj (.const)
                  0000326c    00000070                    : dsk6416_aic23_opencodec.obj (.const)


GLOBAL SYMBOLS: SORTED ALPHABETICALLY BY Name 

address    name
--------   ----
00000220   $bss
00000220   .bss
00000220   .text
000023a0   C$$EXIT
0000303c   _AIC23CfgData
00003030   _AIC_data
000031a4   _DSK6416_AIC23_codeccontrolhandle
000031a8   _DSK6416_AIC23_codecdatahandle
000015a0   _DSK6416_AIC23_config
00001040   _DSK6416_AIC23_openCodec
00001568   _DSK6416_AIC23_rget
00001460   _DSK6416_AIC23_rset
00001aa0   _DSK6416_AIC23_setFreq
00000f84   _DSK6416_getVersion
00000ca0   _DSK6416_init
00000e74   _DSK6416_rget
00000ea4   _DSK6416_rset
000030f4   _DSK6416_version
00000ee0   _DSK6416_wait
00000f40   _DSK6416_waitusec
00001e80   _EMIFA_config
00001f20   _EMIFB_config
00002280   _IRQ_enable
000022a0   _IRQ_globalDisable
000022c0   _IRQ_globalEnable
00001280   _IRQ_map
000022e0   _IRQ_nmiEnable
000021e0   _IRQ_reset
00001b80   _MCBSP_config
00002300   _MCBSP_getXmtEventId
00001c40   _MCBSP_open
00002320   _MCBSP_read
00001640   _MCBSP_reset
00002340   _MCBSP_rrdy
00001800   _MCBSP_start
00002360   _MCBSP_write
00002380   _MCBSP_xrdy
00003028   __IRQ_dispatchTable
00002f60   __IRQ_eventTable
000023c0   __IRQ_hookFetchPacket
00002fe8   __IRQ_intTable
000030e8   __MCBSP_hDev0
000030ec   __MCBSP_hDev1
000030f0   __MCBSP_hDev2
00002c00   __STACK_END
00000800   __STACK_SIZE
00000001   __TI_args_main
00002100   ___TI_cpp_init
000031a0   ___TI_enable_exit_profile_output
ffffffff   ___TI_pprof_out_hndl
ffffffff   ___TI_prof_data_size
ffffffff   ___TI_prof_data_start
ffffffff   ___binit__
00000220   ___bss__
ffffffff   ___c_args__
00002c00   ___cinit__
00000220   ___end__
00002400   ___etext__
ffffffff   ___pinit__
00000220   ___text__
00002220   __args_main
000018e0   __auto_init
00003198   __cleanup_ptr
0000319c   __dtors_ptr
00002400   __stack
00001d00   __strasg
00003128   _a
000023a0   _abort
00003100   _b
00000220   _c6416_dsk_init
00002180   _c_int00
00000860   _c_int11
000002ec   _comm_intr
000002c4   _comm_poll
00003074   _config
00001fc0   _copy_in
00001dc0   _exit
000030f8   _fs
0000309c   _hAIC23_handle
00000708   _input_left_sample
000007a8   _input_right_sample
00000630   _input_sample
000030fc   _inputsource
000023e0   _main
000019c0   _memcpy
000004c4   _output_left_sample
0000057c   _output_right_sample
000003d8   _output_sample
00000020   _vector1
00000140   _vector10
00000180   _vector12
000001a0   _vector13
000001c0   _vector14
000001e0   _vector15
00000040   _vector2
00000060   _vector3
00000080   _vector4
000000a0   _vector5
000000c0   _vector6
000000e0   _vector7
00000100   _vector8
00000120   _vector9
00000000   _vectors
00003140   _w
ffffffff   binit
00002c00   cinit
00000220   end
00002400   etext
ffffffff   pinit


GLOBAL SYMBOLS: SORTED BY Symbol Address 

address    name
--------   ----
00000000   _vectors
00000001   __TI_args_main
00000020   _vector1
00000040   _vector2
00000060   _vector3
00000080   _vector4
000000a0   _vector5
000000c0   _vector6
000000e0   _vector7
00000100   _vector8
00000120   _vector9
00000140   _vector10
00000180   _vector12
000001a0   _vector13
000001c0   _vector14
000001e0   _vector15
00000220   $bss
00000220   .bss
00000220   .text
00000220   ___bss__
00000220   ___end__
00000220   ___text__
00000220   _c6416_dsk_init
00000220   end
000002c4   _comm_poll
000002ec   _comm_intr
000003d8   _output_sample
000004c4   _output_left_sample
0000057c   _output_right_sample
00000630   _input_sample
00000708   _input_left_sample
000007a8   _input_right_sample
00000800   __STACK_SIZE
00000860   _c_int11
00000ca0   _DSK6416_init
00000e74   _DSK6416_rget
00000ea4   _DSK6416_rset
00000ee0   _DSK6416_wait
00000f40   _DSK6416_waitusec
00000f84   _DSK6416_getVersion
00001040   _DSK6416_AIC23_openCodec
00001280   _IRQ_map
00001460   _DSK6416_AIC23_rset
00001568   _DSK6416_AIC23_rget
000015a0   _DSK6416_AIC23_config
00001640   _MCBSP_reset
00001800   _MCBSP_start
000018e0   __auto_init
000019c0   _memcpy
00001aa0   _DSK6416_AIC23_setFreq
00001b80   _MCBSP_config
00001c40   _MCBSP_open
00001d00   __strasg
00001dc0   _exit
00001e80   _EMIFA_config
00001f20   _EMIFB_config
00001fc0   _copy_in
00002100   ___TI_cpp_init
00002180   _c_int00
000021e0   _IRQ_reset
00002220   __args_main
00002280   _IRQ_enable
000022a0   _IRQ_globalDisable
000022c0   _IRQ_globalEnable
000022e0   _IRQ_nmiEnable
00002300   _MCBSP_getXmtEventId
00002320   _MCBSP_read
00002340   _MCBSP_rrdy
00002360   _MCBSP_write
00002380   _MCBSP_xrdy
000023a0   C$$EXIT
000023a0   _abort
000023c0   __IRQ_hookFetchPacket
000023e0   _main
00002400   ___etext__
00002400   __stack
00002400   etext
00002c00   __STACK_END
00002c00   ___cinit__
00002c00   cinit
00002f60   __IRQ_eventTable
00002fe8   __IRQ_intTable
00003028   __IRQ_dispatchTable
00003030   _AIC_data
0000303c   _AIC23CfgData
00003074   _config
0000309c   _hAIC23_handle
000030e8   __MCBSP_hDev0
000030ec   __MCBSP_hDev1
000030f0   __MCBSP_hDev2
000030f4   _DSK6416_version
000030f8   _fs
000030fc   _inputsource
00003100   _b
00003128   _a
00003140   _w
00003198   __cleanup_ptr
0000319c   __dtors_ptr
000031a0   ___TI_enable_exit_profile_output
000031a4   _DSK6416_AIC23_codeccontrolhandle
000031a8   _DSK6416_AIC23_codecdatahandle
ffffffff   ___TI_pprof_out_hndl
ffffffff   ___TI_prof_data_size
ffffffff   ___TI_prof_data_start
ffffffff   ___binit__
ffffffff   ___c_args__
ffffffff   ___pinit__
ffffffff   binit
ffffffff   pinit

[109 symbols]
